
================================================================================
[2025-11-11 14:45:09] Traffic Statistics Report
Date: 2025-11-11
Public IP Traffic:   0.00 GB (0.00 MB)
Private IP Traffic:  0.00 GB (0.00 MB)
Other Traffic:       0.00 GB (0.00 MB)
Total Traffic:       0.00 GB (0.00 MB)
Total IPs Tracked:    0


--------------------------------------------------------------------------------

[2025-11-11 14:45:12] Traffic Statistics Report
Date: 2025-11-11
Public IP Traffic:   0.00 GB (0.00 MB)
Private IP Traffic:  0.00 GB (0.00 MB)
Other Traffic:       0.00 GB (0.00 MB)
Total Traffic:       0.00 GB (0.00 MB)
Total IPs Tracked:    0


================================================================================
[2025-11-11 14:47:05] Traffic Statistics Report
Date: 2025-11-11
Public IP Traffic:   0.00 GB (0.00 MB)
Private IP Traffic:  0.00 GB (0.00 MB)
Other Traffic:       0.00 GB (0.00 MB)
Total Traffic:       0.00 GB (0.00 MB)
Total IPs Tracked:    0


--------------------------------------------------------------------------------

[2025-11-11 14:49:16] Traffic Statistics Report
Date: 2025-11-11
Public IP Traffic:   0.00 GB (0.00 MB)
Private IP Traffic:  0.00 GB (0.00 MB)
Other Traffic:       0.00 GB (0.00 MB)
Total Traffic:       0.00 GB (0.00 MB)
Total IPs Tracked:    0


================================================================================
[2025-11-11 14:49:43] Traffic Statistics Report
Date: 2025-11-11
Public IP Traffic:   0.00 GB (0.17 MB)
Private IP Traffic:  0.00 GB (0.00 MB)
Other Traffic:       0.00 GB (0.00 MB)
Total Traffic:       0.00 GB (0.17 MB)
Total IPs Tracked:    10


--------------------------------------------------------------------------------

[2025-11-11 14:54:41] Traffic Statistics Report
Date: 2025-11-11
Public IP Traffic:   0.03 GB (25.74 MB)
Private IP Traffic:  0.00 GB (0.00 MB)
Other Traffic:       0.00 GB (0.00 MB)
Total Traffic:       0.03 GB (25.74 MB)
Total IPs Tracked:    146


--------------------------------------------------------------------------------

[2025-11-11 14:58:23] Traffic Statistics Report
Date: 2025-11-11
Public IP Traffic:   0.04 GB (45.39 MB)
Private IP Traffic:  0.00 GB (0.00 MB)
Other Traffic:       0.00 GB (0.00 MB)
Total Traffic:       0.04 GB (45.39 MB)
Total IPs Tracked:    155


================================================================================
[2025-11-11 14:59:00] Traffic Statistics Report
Date: 2025-11-11
Public IP Traffic:   0.00 GB (0.00 MB)
Private IP Traffic:  0.00 GB (0.00 MB)
Other Traffic:       0.00 GB (0.00 MB)
Total Traffic:       0.00 GB (0.00 MB)
Total IPs Tracked:    0


--------------------------------------------------------------------------------

[2025-11-11 15:03:58] Traffic Statistics Report
Date: 2025-11-11
Public IP Traffic:   0.83 GB (847.21 MB)
Private IP Traffic:  0.00 GB (0.00 MB)
Other Traffic:       0.00 GB (0.00 MB)
Total Traffic:       0.83 GB (847.21 MB)
Total IPs Tracked:    404


--------------------------------------------------------------------------------

[2025-11-11 15:08:58] Traffic Statistics Report
Date: 2025-11-11
Public IP Traffic:   1.76 GB (1801.12 MB)
Private IP Traffic:  0.00 GB (0.00 MB)
Other Traffic:       0.00 GB (0.00 MB)
Total Traffic:       1.76 GB (1801.12 MB)
Total IPs Tracked:    431


--------------------------------------------------------------------------------

[2025-11-11 15:13:58] Traffic Statistics Report
Date: 2025-11-11
Public IP Traffic:   2.70 GB (2767.96 MB)
Private IP Traffic:  0.00 GB (0.00 MB)
Other Traffic:       0.00 GB (0.00 MB)
Total Traffic:       2.70 GB (2767.96 MB)
Total IPs Tracked:    434


--------------------------------------------------------------------------------

[2025-11-11 15:18:30] Traffic Statistics Report
Date: 2025-11-11
Public IP Traffic:   3.54 GB (3626.28 MB)
Private IP Traffic:  0.00 GB (0.00 MB)
Other Traffic:       0.00 GB (0.00 MB)
Total Traffic:       3.54 GB (3626.28 MB)
Total IPs Tracked:    435

